// Jest Snapshot v1, https://goo.gl/fbAQLP

exports[`Profile renders correctly 1`] = `
<div>
  <div
    class="profile profile--show"
  >
    <div
      class="profile__header"
    >
      <h2
        class="profile__title"
      >
        profile.profile
      </h2>
      <button
        class="button profile__close"
        style="background-color: rgb(0, 0, 0);"
      >
        X
      </button>
    </div>
    <div
      class="profile__wrapper"
    >
      <div
        class="profile__user"
      >
        <span
          class="profile__image"
        />
        <p
          class="profile__email"
        />
        <p
          class="profile__role"
        >
          USER
        </p>
        <button
          class="button profile__sign-out"
          style="background-color: rgb(0, 0, 0);"
        >
          profile.signOut
        </button>
      </div>
      <div
        class="links__wrapper"
      >
        <a
          class="link"
          href="/profile"
          style="background-color: rgb(0, 0, 0);"
        >
          profile.myProfile
        </a>
        <a
          class="link"
          href="/my-orders"
          style="background-color: rgb(0, 0, 0);"
        >
          profile.myOrders
        </a>
        <a
          class="link"
          href="/favourite-tie"
          style="background-color: rgb(0, 0, 0);"
        >
          profile.favourite
        </a>
      </div>
      <div
        class="settings"
      >
        <h2
          class="settings__title"
        >
          profile.settings
        </h2>
        <ul
          class="settings__list"
        >
          <li
            class="settings__item"
          >
            <span
              class="settings__name"
            >
              profile.nightMode
            </span>
            <label
              class="switch"
            >
              <input
                class="switch__checkbox"
                type="checkbox"
              />
              <span
                class="switch__slider"
                style="background-color: rgb(255, 255, 255); border-color: #535f6b;"
              />
            </label>
          </li>
          <li
            class="settings__item"
          >
            <span
              class="settings__name"
            >
              profile.sidebarFixed
            </span>
            <label
              class="switch"
            >
              <input
                checked=""
                class="switch__checkbox"
                type="checkbox"
              />
              <span
                class="switch__slider"
                style="background-color: rgb(255, 255, 255); border-color: #fff;"
              />
            </label>
          </li>
          <li
            class="settings__item"
          >
            <span
              class="settings__name"
            >
              profile.sidebarAccentMode
            </span>
            <label
              class="switch"
            >
              <input
                checked=""
                class="switch__checkbox"
                type="checkbox"
              />
              <span
                class="switch__slider"
                style="background-color: rgb(255, 255, 255); border-color: #fff;"
              />
            </label>
          </li>
          <li
            class="settings__item"
          >
            <span
              class="settings__name"
            >
              profile.navbarNightMode
            </span>
            <label
              class="switch"
            >
              <input
                class="switch__checkbox"
                type="checkbox"
              />
              <span
                class="switch__slider"
                style="background-color: rgb(255, 255, 255); border-color: #535f6b;"
              />
            </label>
          </li>
        </ul>
        <div
          class="settings__colors"
        >
          <h4
            class="settings__subtitle"
          >
            profile.changeAccentColor
          </h4>
          <ul
            class="settings__list settings__list--row"
          >
            <li
              class="settings__item"
            >
              <span
                class="settings__color settings__color--default"
              />
            </li>
            <li
              class="settings__item"
            >
              <span
                class="settings__color settings__color--forest"
              />
            </li>
            <li
              class="settings__item"
            >
              <span
                class="settings__color settings__color--purple"
              />
            </li>
            <li
              class="settings__item"
            >
              <span
                class="settings__color settings__color--coffee"
              />
            </li>
          </ul>
        </div>
        <button
          class="button settings__button"
          style="background-color: rgb(0, 0, 0);"
        >
          profile.reset
        </button>
      </div>
    </div>
  </div>
</div>
`;
