// Jest Snapshot v1, https://goo.gl/fbAQLP

exports[`SubCategories renders correctly 1`] = `null`;
