// Jest Snapshot v1, https://goo.gl/fbAQLP

exports[`Active renders correctly 1`] = `
<button
  style="background-color: rgb(0, 0, 0);"
>
  Test Button
</button>
`;
