// Jest Snapshot v1, https://goo.gl/fbAQLP

exports[`Footer component renders correctly 1`] = `
Object {
  "asFragment": [Function],
  "baseElement": <body>
    <div>
      <div
        class="footer"
        style="background-color: rgb(255, 255, 255);"
      >
        <div
          class="container"
        >
          <div
            class="footer-wrapper"
          >
            <div
              class="footer__columns_section"
            >
              <div
                class="section__logo"
              >
                <a
                  href="/"
                >
                  <span
                    class="footer-logo"
                  />
                </a>
                <p
                  class="section__logo_text"
                >
                  Спасибо, что выбрали нас
                </p>
                <ul
                  class="footer__section__list"
                >
                  <li
                    class="footer__list_item"
                  >
                    <a
                      class="item-link_sci"
                      href="/"
                    />
                  </li>
                  <li
                    class="footer__list_item"
                  >
                    <a
                      class="footer__list_item-link"
                      href="/"
                    />
                  </li>
                  <li
                    class="footer__list_item"
                  >
                    <a
                      class="footer__list_item-link"
                      href="/"
                    />
                  </li>
                </ul>
              </div>
              <div
                class="section__menu"
              >
                <h3
                  class="footer-title"
                >
                  МЕНЮ
                </h3>
                <ul
                  class="footer__section__list"
                >
                  <li
                    class="footer__list_item"
                  >
                    <a
                      class="footer__list_item-link"
                      href="/"
                    >
                      Главная
                    </a>
                  </li>
                  <li
                    class="footer__list_item"
                  >
                    <a
                      class="footer__list_item-link"
                      href="/configurator"
                    >
                      Конфигуратор
                    </a>
                  </li>
                  <li
                    class="footer__list_item"
                  >
                    <a
                      class="footer__list_item-link"
                      href="/tie-market"
                    >
                      Маркет
                    </a>
                  </li>
                </ul>
              </div>
              <div
                class="section__contact"
              >
                <h3
                  class="footer-title"
                >
                  Наши контакты
                </h3>
                <ul
                  class="footer__section__list"
                >
                  <li
                    class="footer__list_item"
                  >
                    <a
                      class="section__contact_link"
                      href="/"
                    >
                      +0123456789
                    </a>
                  </li>
                  <li
                    class="footer__list_item"
                  >
                    <a
                      class="section__contact_link"
                      href="/"
                    >
                      <span>
                        TieConfigSupport@.com
                      </span>
                    </a>
                  </li>
                  <li />
                </ul>
              </div>
            </div>
          </div>
          <div
            class="copyright-footer"
          >
            <div
              class="copyright-wrapper"
            >
              <span
                class="copyright-text"
              >
                Copyright 2023 by
              </span>
              <a
                class="copyright-footer__link"
                href="https://github.com/siarheikliazovich"
                target="_blank"
              />
              <a
                class="copyright-footer__link"
                href="https://github.com/anast-ananko"
                target="_blank"
              />
              <a
                class="copyright-footer__link"
                href="https://github.com/ablbsk"
                target="_blank"
              />
              <a
                class="logo-link"
                href="https://rs.school"
                target="_blank"
              />
            </div>
          </div>
        </div>
      </div>
    </div>
  </body>,
  "container": <div>
    <div
      class="footer"
      style="background-color: rgb(255, 255, 255);"
    >
      <div
        class="container"
      >
        <div
          class="footer-wrapper"
        >
          <div
            class="footer__columns_section"
          >
            <div
              class="section__logo"
            >
              <a
                href="/"
              >
                <span
                  class="footer-logo"
                />
              </a>
              <p
                class="section__logo_text"
              >
                Спасибо, что выбрали нас
              </p>
              <ul
                class="footer__section__list"
              >
                <li
                  class="footer__list_item"
                >
                  <a
                    class="item-link_sci"
                    href="/"
                  />
                </li>
                <li
                  class="footer__list_item"
                >
                  <a
                    class="footer__list_item-link"
                    href="/"
                  />
                </li>
                <li
                  class="footer__list_item"
                >
                  <a
                    class="footer__list_item-link"
                    href="/"
                  />
                </li>
              </ul>
            </div>
            <div
              class="section__menu"
            >
              <h3
                class="footer-title"
              >
                МЕНЮ
              </h3>
              <ul
                class="footer__section__list"
              >
                <li
                  class="footer__list_item"
                >
                  <a
                    class="footer__list_item-link"
                    href="/"
                  >
                    Главная
                  </a>
                </li>
                <li
                  class="footer__list_item"
                >
                  <a
                    class="footer__list_item-link"
                    href="/configurator"
                  >
                    Конфигуратор
                  </a>
                </li>
                <li
                  class="footer__list_item"
                >
                  <a
                    class="footer__list_item-link"
                    href="/tie-market"
                  >
                    Маркет
                  </a>
                </li>
              </ul>
            </div>
            <div
              class="section__contact"
            >
              <h3
                class="footer-title"
              >
                Наши контакты
              </h3>
              <ul
                class="footer__section__list"
              >
                <li
                  class="footer__list_item"
                >
                  <a
                    class="section__contact_link"
                    href="/"
                  >
                    +0123456789
                  </a>
                </li>
                <li
                  class="footer__list_item"
                >
                  <a
                    class="section__contact_link"
                    href="/"
                  >
                    <span>
                      TieConfigSupport@.com
                    </span>
                  </a>
                </li>
                <li />
              </ul>
            </div>
          </div>
        </div>
        <div
          class="copyright-footer"
        >
          <div
            class="copyright-wrapper"
          >
            <span
              class="copyright-text"
            >
              Copyright 2023 by
            </span>
            <a
              class="copyright-footer__link"
              href="https://github.com/siarheikliazovich"
              target="_blank"
            />
            <a
              class="copyright-footer__link"
              href="https://github.com/anast-ananko"
              target="_blank"
            />
            <a
              class="copyright-footer__link"
              href="https://github.com/ablbsk"
              target="_blank"
            />
            <a
              class="logo-link"
              href="https://rs.school"
              target="_blank"
            />
          </div>
        </div>
      </div>
    </div>
  </div>,
  "debug": [Function],
  "findAllByAltText": [Function],
  "findAllByDisplayValue": [Function],
  "findAllByLabelText": [Function],
  "findAllByPlaceholderText": [Function],
  "findAllByRole": [Function],
  "findAllByTestId": [Function],
  "findAllByText": [Function],
  "findAllByTitle": [Function],
  "findByAltText": [Function],
  "findByDisplayValue": [Function],
  "findByLabelText": [Function],
  "findByPlaceholderText": [Function],
  "findByRole": [Function],
  "findByTestId": [Function],
  "findByText": [Function],
  "findByTitle": [Function],
  "getAllByAltText": [Function],
  "getAllByDisplayValue": [Function],
  "getAllByLabelText": [Function],
  "getAllByPlaceholderText": [Function],
  "getAllByRole": [Function],
  "getAllByTestId": [Function],
  "getAllByText": [Function],
  "getAllByTitle": [Function],
  "getByAltText": [Function],
  "getByDisplayValue": [Function],
  "getByLabelText": [Function],
  "getByPlaceholderText": [Function],
  "getByRole": [Function],
  "getByTestId": [Function],
  "getByText": [Function],
  "getByTitle": [Function],
  "queryAllByAltText": [Function],
  "queryAllByDisplayValue": [Function],
  "queryAllByLabelText": [Function],
  "queryAllByPlaceholderText": [Function],
  "queryAllByRole": [Function],
  "queryAllByTestId": [Function],
  "queryAllByText": [Function],
  "queryAllByTitle": [Function],
  "queryByAltText": [Function],
  "queryByDisplayValue": [Function],
  "queryByLabelText": [Function],
  "queryByPlaceholderText": [Function],
  "queryByRole": [Function],
  "queryByTestId": [Function],
  "queryByText": [Function],
  "queryByTitle": [Function],
  "rerender": [Function],
  "unmount": [Function],
}
`;
