// Jest Snapshot v1, https://goo.gl/fbAQLP

exports[`ErrorMessage renders correctly 1`] = `
<div>
  <img
    alt="Error"
    src="error.jpg"
    style="display: block; width: 300px; height: 300px; object-fit: contain; margin: 50px auto;"
  />
</div>
`;
