// Jest Snapshot v1, https://goo.gl/fbAQLP

exports[`Accordion renders correctly 1`] = `
<div
  class="wizard-item__title"
>
  Test Accordion
</div>
`;
