// Jest Snapshot v1, https://goo.gl/fbAQLP

exports[`FormSignIn component should display form elements 1`] = `
Object {
  "asFragment": [Function],
  "baseElement": <body>
    <div>
      <div
        class="sign__content"
      >
        <h2
          class="sign__title"
        >
          sign.signIn
        </h2>
        <div
          class="sign__text"
        >
          sign.text-1
        </div>
        <form
          action="#"
          class="form"
        >
          <input
            class="field"
            id="email"
            name="email"
            placeholder="Email"
            type="email"
            value=""
          />
          <input
            class="field"
            id="password"
            name="password"
            placeholder="Password"
            type="password"
            value=""
          />
          <button
            class="sign__button"
            style="background-color: rgb(43, 52, 59);"
            type="submit"
          >
            sign.signIn
          </button>
        </form>
        <div
          class="sign__text-link"
        >
          sign.create
           
          <a
            class="text-link"
            href="/sign-up"
            style="color: rgb(43, 52, 59);"
          >
            sign.signUp
          </a>
        </div>
      </div>
    </div>
  </body>,
  "container": <div>
    <div
      class="sign__content"
    >
      <h2
        class="sign__title"
      >
        sign.signIn
      </h2>
      <div
        class="sign__text"
      >
        sign.text-1
      </div>
      <form
        action="#"
        class="form"
      >
        <input
          class="field"
          id="email"
          name="email"
          placeholder="Email"
          type="email"
          value=""
        />
        <input
          class="field"
          id="password"
          name="password"
          placeholder="Password"
          type="password"
          value=""
        />
        <button
          class="sign__button"
          style="background-color: rgb(43, 52, 59);"
          type="submit"
        >
          sign.signIn
        </button>
      </form>
      <div
        class="sign__text-link"
      >
        sign.create
         
        <a
          class="text-link"
          href="/sign-up"
          style="color: rgb(43, 52, 59);"
        >
          sign.signUp
        </a>
      </div>
    </div>
  </div>,
  "debug": [Function],
  "findAllByAltText": [Function],
  "findAllByDisplayValue": [Function],
  "findAllByLabelText": [Function],
  "findAllByPlaceholderText": [Function],
  "findAllByRole": [Function],
  "findAllByTestId": [Function],
  "findAllByText": [Function],
  "findAllByTitle": [Function],
  "findByAltText": [Function],
  "findByDisplayValue": [Function],
  "findByLabelText": [Function],
  "findByPlaceholderText": [Function],
  "findByRole": [Function],
  "findByTestId": [Function],
  "findByText": [Function],
  "findByTitle": [Function],
  "getAllByAltText": [Function],
  "getAllByDisplayValue": [Function],
  "getAllByLabelText": [Function],
  "getAllByPlaceholderText": [Function],
  "getAllByRole": [Function],
  "getAllByTestId": [Function],
  "getAllByText": [Function],
  "getAllByTitle": [Function],
  "getByAltText": [Function],
  "getByDisplayValue": [Function],
  "getByLabelText": [Function],
  "getByPlaceholderText": [Function],
  "getByRole": [Function],
  "getByTestId": [Function],
  "getByText": [Function],
  "getByTitle": [Function],
  "queryAllByAltText": [Function],
  "queryAllByDisplayValue": [Function],
  "queryAllByLabelText": [Function],
  "queryAllByPlaceholderText": [Function],
  "queryAllByRole": [Function],
  "queryAllByTestId": [Function],
  "queryAllByText": [Function],
  "queryAllByTitle": [Function],
  "queryByAltText": [Function],
  "queryByDisplayValue": [Function],
  "queryByLabelText": [Function],
  "queryByPlaceholderText": [Function],
  "queryByRole": [Function],
  "queryByTestId": [Function],
  "queryByText": [Function],
  "queryByTitle": [Function],
  "rerender": [Function],
  "unmount": [Function],
}
`;
