// Jest Snapshot v1, https://goo.gl/fbAQLP

exports[`IconFactory renders correctly 1`] = `
<div>
  Icon 1
</div>
`;
