// Jest Snapshot v1, https://goo.gl/fbAQLP

exports[`OrdersList renders correctly 1`] = `
<div
  class="orders-list__wrapper"
>
  <div
    class="orders-list__item"
  >
    <table>
      <tbody>
        <tr
          class="table-header"
        >
          <th>
            #
          </th>
          <th>
            ordersTable.date
          </th>
          <th>
            ordersTable.price
          </th>
          <th>
            ordersTable.status
          </th>
        </tr>
        <tr>
          <th>
            1
          </th>
          <th>
            2022-02-24
          </th>
          <th>
            100
          </th>
          <th>
            PAID
          </th>
          <th>
            <button
              class="button__delete-order"
            >
              <i
                class="fa fa-remove"
              />
              ordersTable.delete
            </button>
          </th>
          <th
            class="table-select"
          >
            <select
              class="select"
              style="color: rgb(43, 52, 59);"
            >
              <option
                disabled=""
                hidden=""
                value="EMPTY"
              >
                select.change
              </option>
              <option
                value="NON-PAID"
              >
                select.nonPaid
              </option>
              <option
                value="PAID"
              >
                select.paid
              </option>
              <option
                value="DECLINED"
              >
                select.declined
              </option>
              <option
                value="IN-PROGRESS"
              >
                select.inProgress
              </option>
              <option
                value="FINISHED"
              >
                select.finished
              </option>
            </select>
          </th>
          <th>
            <button
              class="button-apply"
              style="background-color: rgb(0, 0, 0);"
            >
              ordersTable.apply
            </button>
          </th>
        </tr>
        <tr>
          <th>
            2
          </th>
          <th>
            2022-02-24
          </th>
          <th>
            200
          </th>
          <th>
            FIHISHED
          </th>
          <th>
            <button
              class="button__delete-order"
            >
              <i
                class="fa fa-remove"
              />
              ordersTable.delete
            </button>
          </th>
          <th
            class="table-select"
          >
            <select
              class="select"
              style="color: rgb(43, 52, 59);"
            >
              <option
                disabled=""
                hidden=""
                value="EMPTY"
              >
                select.change
              </option>
              <option
                value="NON-PAID"
              >
                select.nonPaid
              </option>
              <option
                value="PAID"
              >
                select.paid
              </option>
              <option
                value="DECLINED"
              >
                select.declined
              </option>
              <option
                value="IN-PROGRESS"
              >
                select.inProgress
              </option>
              <option
                value="FINISHED"
              >
                select.finished
              </option>
            </select>
          </th>
          <th>
            <button
              class="button-apply"
              style="background-color: rgb(0, 0, 0);"
            >
              ordersTable.apply
            </button>
          </th>
        </tr>
      </tbody>
    </table>
  </div>
</div>
`;
